// Jest Snapshot v1, https://goo.gl/fbAQLP

exports[`Testing <GifGrid /> component. should render correctly after load. 1`] = `
<div>
  <h1>
    pikachu
  </h1>
  <div
    class="card-grid"
  >
    <div
      class="card"
    >
      <img
        alt="pikachu"
        src="https://localhost/pikachu.jpg"
      />
      <p>
        pikachu
      </p>
    </div>
    <div
      class="card"
    >
      <img
        alt="snorlax"
        src="https://localhost/snorlax.jpg"
      />
      <p>
        snorlax
      </p>
    </div>
  </div>
</div>
`;
